<!DOCTYPE html>
<html lang="en">
<head>
	<meta charset="UTF-8">
	<title>Golden</title>
	<link rel="stylesheet" type="text/css" href="style.css">
</head>
<body>
	<header>
		<div class="container">
			<div class="heading clearfix">
				<img src="images/logo.png" alt="logo" class="logo">
				<nav>
					<ul class="menu">
						<li><a href="#">Home<a></li>
						<li><a href="#">Services<a></li>
						<li><a href="#">Portfolio<a></li>
						<li><a href="#">About<a></li>
						<li><a href="#">Contact<a></li>
					</ul>
				</nav>
			</div>
		</div>	
		<div class="titles">
			<div class="titles__first">
				<p>Welcome to our studio!</p>
			</div>
			<h1>
				It's nice to meet you
			</h1>
		</div>
		<a href="#" class="button">Tell me more</a>
	</header>
	<section class="container">
		<div>
			<div class="title">
				<h2>
					Services
				</h2>
				<p>
					Proin iaculis purus consequat sem cure. 
				</p>
			</div>
		</div>	
		<div class="services clearfix">
			<div class="services__item">
				<img src="images/icon1.png">
				<h3>E-Commerce</h3>
				<p>Proin iaculis purus consequat sem cure 
					digni ssim. Donec porttitora entum suscipit 
					aenean rhoncus posuere odio in tincidunt.
				</p>
			</div>
			<div class="services__item">
				<img src="images/icon2.png">
				<h3>Responsive Web</h3>
				<p>Proin iaculis purus consequat sem cure 
					digni ssim. Donec porttitora entum suscipit 
					aenean rhoncus posuere odio in tincidunt.
				</p>
			</div>
			<div class="services__item">
				<img src="images/icon3.png">
				<h3>Web Security</h3>
				<p>Proin iaculis purus consequat sem cure
					digni ssim. Donec porttitora entum suscipit
					aenean rhoncus posuere odio in tincidunt.
				</p>
			</div>
		</div>
	</section>
	<section id="portfolio">
		<div  class="container">
			<div class="title">
				<h2>
					our portfolio
				</h2>
				<p>
					Proin iaculis purus consequat sem cure. 
				</p>
			</div>
			<div class="works clearfix">
				<a href="#"><img src="images/img1.jpg"></a>
				<a href="#"><img src="images/img2.jpg"></a>
				<a href="#"><img src="images/img3.jpg"></a>
			</div>
		</div>	
	</section>
	<section class="container">
		<div>
			<div class="title">
				<h2>
					about us
				</h2>
				<p>
					Proin iaculis purus consequat sem cure. 
				</p>
			</div>
			<div class="about">	
					<div class="about__item flex-item1">
						<div class="flex-text1">
							<h3><span>July 2010</span><br>
								Our Humble Beginnings
							</h3>
							<p>Proin iaculis purus consequat sem cure 
								digni ssim. Donec porttitora entum suscipit 
								aenean rhoncus posuere odio in tincidunt. Proin 
								iaculis purus consequat sem cure digni 
								ssim. Donec porttitora entum suscipit.
							</p>
						</div>
						<div class="flex-img1">
							<img src="images/about1.jpg">
						</div>
						<div class="last">
						</div>
					</div>
			</div>	
			<div class="about">	
					<div class="about__item flex-item2">
						<div class="flex-text2">
							<h3><span>January 2011</span><br>
								Facing Startup Battles
							</h3>
							<p>Proin iaculis purus consequat sem cure 
								digni ssim. Donec porttitora entum suscipit 
								aenean rhoncus posuere odio in tincidunt. Proin 
								iaculis purus consequat sem cure digni 
								ssim. Donec porttitora entum suscipit aenean 
								rhoncus posuere odio in tincidunt.
							</p>
						</div>
						<div class="flex-img2">
							<img src="images/about2.jpg">
						</div>
						<div class="last2">
						</div>
					</div>
			</div>	
			<div class="about">	
					<div class="about__item flex-item3">
						<div class="flex-text3">
							<h3><span>December 2012</span><br>
								Enter The Dark Days
							</h3>
							<p>Proin iaculis purus consequat sem cure 
								digni ssim. Donec porttitora entum suscipit 
								aenean rhoncus posuere odio in tincidunt. Proin 
								iaculis purus consequat sem cure digni.
							</p>
						</div>
						<div class="flex-img3">
							<img src="images/about3.jpg">
						</div>
						<div class="last">
						</div>
					</div>
			</div>	
			<div class="about">	
					<div class="about__item flex-item4">
						<div class="flex-text4">
							<h3><span>february 2014</span><br>
									Our Triumph
							</h3>
							<p>Proin iaculis purus consequat sem cure 
								digni ssim. Donec porttitora entum suscipit 
								aenean rhoncus posuere odio in tincidunt. Proin 
								iaculis purus consequat sem cure digni 
								ssim. Donec porttitora entum suscipit aenean.
							</p>
						</div>
						<div class="flex-img4">
							<img src="images/about4.jpg">
						</div>
						<div class="last4">
						</div>
					</div>
			</div>		
		</div>	
	</section>
	<footer class="container">
		<p>Â© Copyright 2014 FreebiesXpress.com</p>
		<div>

		</div>	
	</footer>


	
</body>
</html>